// Jest Snapshot v1, https://goo.gl/fbAQLP

exports[`ApplicationForm component Renders UI as expected 1`] = `
<div
  className="ApplicationForm"
>
  <form
    onSubmit={[Function]}
  >
    <label
      className="required"
      htmlFor="applicationFullname"
    >
      Full name:
    </label>
    <br />
    <input
      autoCapitalize="none"
      autoCorrect="off"
      id="applicationFullname"
      name="applicationFullname"
      placeholder="John Smith"
      required={true}
      type="text"
    />
    <br />
    <label
      htmlFor="applicationPhonenumber"
    >
      Phone number:
    </label>
    <br />
    <input
      autoCapitalize="none"
      autoCorrect="off"
      id="applicationPhonenumber"
      name="applicationPhonenumber"
      placeholder="123-456-7890"
      type="tel"
    />
    <br />
    <label
      htmlFor="application-email"
    >
      Email:
    </label>
    <br />
    <input
      autoCapitalize="none"
      autoCorrect="off"
      id="applicationEmail"
      name="applicationEmail"
      placeholder="johnsmith123@email.com"
      type="email"
    />
    <br />
    <label
      htmlFor="applicationPosition"
    >
      Interested Position(s):
    </label>
    <br />
    <select
      id="applicationPosition"
      name="applicationPosition"
    >
      <option
        value="Spanish teacher"
      >
        Spanish teacher
      </option>
      <option
        value="French teacher"
      >
        French teacher
      </option>
      <option
        value="Robotics instructor"
      >
        Robotics instructor
      </option>
      <option
        value="Art instructor"
      >
        Art instructor
      </option>
    </select>
    <br />
    <label
      className="required"
      htmlFor="applicationResume"
    >
      Resume(Link)
    </label>
    <br />
    <input
      autoCapitalize="none"
      autoCorrect="off"
      id="applicationResume"
      name="applicationResume"
      placeholder="https://drive.google.com/file/d/examplelink3648384748/view"
      required={true}
      type="url"
    />
    <br />
    <button
      id="application-submit-btn"
      type="submit"
    >
      <b>
        Apply
      </b>
    </button>
  </form>
</div>
`;
